100.11.29 10:37 B d:\myweb\cz3205\_themes\loosegst\loobul3d.gif --> falcon22.cz3.nus.edu.sg /home/staff/chenk/web-docs/cz3205/_themes/loosegst loobul3d.gif
100.11.29 10:37 B d:\myweb\cz3205\_themes\loosegst\loobul3a.gif --> falcon22.cz3.nus.edu.sg /home/staff/chenk/web-docs/cz3205/_themes/loosegst loobul3a.gif
100.11.29 10:37 B d:\myweb\cz3205\_themes\loosegst\loobul2d.gif --> falcon22.cz3.nus.edu.sg /home/staff/chenk/web-docs/cz3205/_themes/loosegst loobul2d.gif
100.11.29 10:37 B d:\myweb\cz3205\_themes\loosegst\loobul2a.gif --> falcon22.cz3.nus.edu.sg /home/staff/chenk/web-docs/cz3205/_themes/loosegst loobul2a.gif
100.11.29 10:37 B d:\myweb\cz3205\_themes\loosegst\loohbuda.gif --> falcon22.cz3.nus.edu.sg /home/staff/chenk/web-docs/cz3205/_themes/loosegst loohbuda.gif
100.11.29 10:37 B d:\myweb\cz3205\_themes\loosegst\loovbuda.gif --> falcon22.cz3.nus.edu.sg /home/staff/chenk/web-docs/cz3205/_themes/loosegst loovbuda.gif
100.11.29 10:37 B d:\myweb\cz3205\_themes\loosegst\loosegst.inf --> falcon22.cz3.nus.edu.sg /home/staff/chenk/web-docs/cz3205/_themes/loosegst loosegst.inf
100.11.29 10:37 B d:\myweb\cz3205\_themes\loosegst\loosegst.utf8 --> falcon22.cz3.nus.edu.sg /home/staff/chenk/web-docs/cz3205/_themes/loosegst loosegst.utf8
100.11.29 10:37 B d:\myweb\cz3205\_themes\loosegst\loobul1a.gif --> falcon22.cz3.nus.edu.sg /home/staff/chenk/web-docs/cz3205/_themes/loosegst loobul1a.gif
100.11.29 10:37 B d:\myweb\cz3205\_themes\loosegst\looupda.gif --> falcon22.cz3.nus.edu.sg /home/staff/chenk/web-docs/cz3205/_themes/loosegst looupda.gif
100.11.29 10:37 B d:\myweb\cz3205\_themes\loosegst\loohomda.gif --> falcon22.cz3.nus.edu.sg /home/staff/chenk/web-docs/cz3205/_themes/loosegst loohomda.gif
100.11.29 10:37 B d:\myweb\cz3205\_themes\loosegst\loonexda.gif --> falcon22.cz3.nus.edu.sg /home/staff/chenk/web-docs/cz3205/_themes/loosegst loonexda.gif
100.11.29 10:37 B d:\myweb\cz3205\_themes\loosegst\loopreda.gif --> falcon22.cz3.nus.edu.sg /home/staff/chenk/web-docs/cz3205/_themes/loosegst loopreda.gif
100.11.29 10:37 B d:\myweb\cz3205\_themes\loosegst\loobul1d.gif --> falcon22.cz3.nus.edu.sg /home/staff/chenk/web-docs/cz3205/_themes/loosegst loobul1d.gif
100.11.29 10:37 B d:\myweb\cz3205\_themes\loosegst\loohorsd.gif --> falcon22.cz3.nus.edu.sg /home/staff/chenk/web-docs/cz3205/_themes/loosegst loohorsd.gif
100.11.29 10:37 B d:\myweb\cz3205\_themes\loosegst\looprebd.gif --> falcon22.cz3.nus.edu.sg /home/staff/chenk/web-docs/cz3205/_themes/loosegst looprebd.gif
100.11.29 10:37 B d:\myweb\cz3205\_themes\loosegst\loohbudd.gif --> falcon22.cz3.nus.edu.sg /home/staff/chenk/web-docs/cz3205/_themes/loosegst loohbudd.gif
100.11.29 10:37 B d:\myweb\cz3205\_themes\loosegst\loovbudd.gif --> falcon22.cz3.nus.edu.sg /home/staff/chenk/web-docs/cz3205/_themes/loosegst loovbudd.gif
100.11.29 10:37 B d:\myweb\cz3205\_themes\loosegst\loohombd.gif --> falcon22.cz3.nus.edu.sg /home/staff/chenk/web-docs/cz3205/_themes/loosegst loohombd.gif
100.11.29 10:37 B d:\myweb\cz3205\_themes\loosegst\looupbd.gif --> falcon22.cz3.nus.edu.sg /home/staff/chenk/web-docs/cz3205/_themes/loosegst looupbd.gif
100.11.29 10:37 B d:\myweb\cz3205\_themes\loosegst\loonexbd.gif --> falcon22.cz3.nus.edu.sg /home/staff/chenk/web-docs/cz3205/_themes/loosegst loonexbd.gif
100.11.29 10:37 B d:\myweb\cz3205\_themes\loosegst\looglob.gif --> falcon22.cz3.nus.edu.sg /home/staff/chenk/web-docs/cz3205/_themes/loosegst looglob.gif
100.11.29 10:37 B d:\myweb\cz3205\_themes\loosegst\loohbuha.gif --> falcon22.cz3.nus.edu.sg /home/staff/chenk/web-docs/cz3205/_themes/loosegst loohbuha.gif
100.11.29 10:37 B d:\myweb\cz3205\_themes\loosegst\loovbuha.gif --> falcon22.cz3.nus.edu.sg /home/staff/chenk/web-docs/cz3205/_themes/loosegst loovbuha.gif
100.11.29 10:37 B d:\myweb\cz3205\_themes\loosegst\loohomsa.gif --> falcon22.cz3.nus.edu.sg /home/staff/chenk/web-docs/cz3205/_themes/loosegst loohomsa.gif
100.11.29 10:37 B d:\myweb\cz3205\_themes\loosegst\loopresa.gif --> falcon22.cz3.nus.edu.sg /home/staff/chenk/web-docs/cz3205/_themes/loosegst loopresa.gif
100.11.29 10:37 B d:\myweb\cz3205\_themes\loosegst\loonexsa.gif --> falcon22.cz3.nus.edu.sg /home/staff/chenk/web-docs/cz3205/_themes/loosegst loonexsa.gif
100.11.29 10:37 B d:\myweb\cz3205\_themes\loosegst\looupsa.gif --> falcon22.cz3.nus.edu.sg /home/staff/chenk/web-docs/cz3205/_themes/loosegst looupsa.gif
100.11.29 10:37 B d:\myweb\cz3205\_themes\loosegst\color0.css --> falcon22.cz3.nus.edu.sg /home/staff/chenk/web-docs/cz3205/_themes/loosegst color0.css
100.11.29 10:37 B d:\myweb\cz3205\_themes\loosegst\loohorsa.gif --> falcon22.cz3.nus.edu.sg /home/staff/chenk/web-docs/cz3205/_themes/loosegst loohorsa.gif
100.11.29 10:37 B d:\myweb\cz3205\_themes\loosegst\color1.css --> falcon22.cz3.nus.edu.sg /home/staff/chenk/web-docs/cz3205/_themes/loosegst color1.css
100.11.29 10:37 B d:\myweb\cz3205\_themes\loosegst\looupha.gif --> falcon22.cz3.nus.edu.sg /home/staff/chenk/web-docs/cz3205/_themes/loosegst looupha.gif
100.11.29 10:37 B d:\myweb\cz3205\_themes\loosegst\loohomha.gif --> falcon22.cz3.nus.edu.sg /home/staff/chenk/web-docs/cz3205/_themes/loosegst loohomha.gif
100.11.29 10:37 B d:\myweb\cz3205\_themes\loosegst\loonexha.gif --> falcon22.cz3.nus.edu.sg /home/staff/chenk/web-docs/cz3205/_themes/loosegst loonexha.gif
100.11.29 10:37 B d:\myweb\cz3205\_themes\loosegst\loopreha.gif --> falcon22.cz3.nus.edu.sg /home/staff/chenk/web-docs/cz3205/_themes/loosegst loopreha.gif
100.11.29 10:37 B d:\myweb\cz3205\_themes\loosegst\graph0.css --> falcon22.cz3.nus.edu.sg /home/staff/chenk/web-docs/cz3205/_themes/loosegst graph0.css
100.11.29 10:37 B d:\myweb\cz3205\_themes\loosegst\loohbusd.gif --> falcon22.cz3.nus.edu.sg /home/staff/chenk/web-docs/cz3205/_themes/loosegst loohbusd.gif
100.11.29 10:37 B d:\myweb\cz3205\_themes\loosegst\loovbusd.gif --> falcon22.cz3.nus.edu.sg /home/staff/chenk/web-docs/cz3205/_themes/loosegst loovbusd.gif
100.11.29 10:37 B d:\myweb\cz3205\_themes\loosegst\loohbusa.gif --> falcon22.cz3.nus.edu.sg /home/staff/chenk/web-docs/cz3205/_themes/loosegst loohbusa.gif
100.11.29 10:37 B d:\myweb\cz3205\_themes\loosegst\loovbusa.gif --> falcon22.cz3.nus.edu.sg /home/staff/chenk/web-docs/cz3205/_themes/loosegst loovbusa.gif
100.11.29 10:37 B d:\myweb\cz3205\_themes\loosegst\theme.css --> falcon22.cz3.nus.edu.sg /home/staff/chenk/web-docs/cz3205/_themes/loosegst theme.css
100.11.29 10:37 B d:\myweb\cz3205\_themes\loosegst\graph1.css --> falcon22.cz3.nus.edu.sg /home/staff/chenk/web-docs/cz3205/_themes/loosegst graph1.css
100.11.29 10:37 B d:\myweb\cz3205\_themes\loosegst\lootextb.jpg --> falcon22.cz3.nus.edu.sg /home/staff/chenk/web-docs/cz3205/_themes/loosegst lootextb.jpg
100.11.29 10:37 B d:\myweb\cz3205\_themes\loosegst\loobannd.gif --> falcon22.cz3.nus.edu.sg /home/staff/chenk/web-docs/cz3205/_themes/loosegst loobannd.gif
100.11.29 10:37 B d:\myweb\cz3205\_themes\loosegst\custom.css --> falcon22.cz3.nus.edu.sg /home/staff/chenk/web-docs/cz3205/_themes/loosegst custom.css
100.11.29 10:37 B d:\myweb\cz3205\_themes\loosegst\loobanna.gif --> falcon22.cz3.nus.edu.sg /home/staff/chenk/web-docs/cz3205/_themes/loosegst loobanna.gif
100.11.29 17:10 B d:\myweb\cz3205\_themes\loosegst\loobul3d.gif --> falcon22.cz3.nus.edu.sg /home/staff/chenk/web-docs/cz3205/_themes/loosegst loobul3d.gif
100.11.29 17:10 B d:\myweb\cz3205\_themes\loosegst\loobul3a.gif --> falcon22.cz3.nus.edu.sg /home/staff/chenk/web-docs/cz3205/_themes/loosegst loobul3a.gif
100.11.29 17:10 B d:\myweb\cz3205\_themes\loosegst\loobul2d.gif --> falcon22.cz3.nus.edu.sg /home/staff/chenk/web-docs/cz3205/_themes/loosegst loobul2d.gif
100.11.29 17:10 B d:\myweb\cz3205\_themes\loosegst\loobul2a.gif --> falcon22.cz3.nus.edu.sg /home/staff/chenk/web-docs/cz3205/_themes/loosegst loobul2a.gif
100.11.29 17:10 B d:\myweb\cz3205\_themes\loosegst\loohbuda.gif --> falcon22.cz3.nus.edu.sg /home/staff/chenk/web-docs/cz3205/_themes/loosegst loohbuda.gif
100.11.29 17:10 B d:\myweb\cz3205\_themes\loosegst\loovbuda.gif --> falcon22.cz3.nus.edu.sg /home/staff/chenk/web-docs/cz3205/_themes/loosegst loovbuda.gif
100.11.29 17:10 B d:\myweb\cz3205\_themes\loosegst\loosegst.inf --> falcon22.cz3.nus.edu.sg /home/staff/chenk/web-docs/cz3205/_themes/loosegst loosegst.inf
100.11.29 17:10 B d:\myweb\cz3205\_themes\loosegst\loosegst.utf8 --> falcon22.cz3.nus.edu.sg /home/staff/chenk/web-docs/cz3205/_themes/loosegst loosegst.utf8
100.11.29 17:10 B d:\myweb\cz3205\_themes\loosegst\loobul1a.gif --> falcon22.cz3.nus.edu.sg /home/staff/chenk/web-docs/cz3205/_themes/loosegst loobul1a.gif
100.11.29 17:10 B d:\myweb\cz3205\_themes\loosegst\looupda.gif --> falcon22.cz3.nus.edu.sg /home/staff/chenk/web-docs/cz3205/_themes/loosegst looupda.gif
100.11.29 17:10 B d:\myweb\cz3205\_themes\loosegst\loohomda.gif --> falcon22.cz3.nus.edu.sg /home/staff/chenk/web-docs/cz3205/_themes/loosegst loohomda.gif
100.11.29 17:10 B d:\myweb\cz3205\_themes\loosegst\loonexda.gif --> falcon22.cz3.nus.edu.sg /home/staff/chenk/web-docs/cz3205/_themes/loosegst loonexda.gif
100.11.29 17:10 B d:\myweb\cz3205\_themes\loosegst\loopreda.gif --> falcon22.cz3.nus.edu.sg /home/staff/chenk/web-docs/cz3205/_themes/loosegst loopreda.gif
100.11.29 17:10 B d:\myweb\cz3205\_themes\loosegst\loobul1d.gif --> falcon22.cz3.nus.edu.sg /home/staff/chenk/web-docs/cz3205/_themes/loosegst loobul1d.gif
100.11.29 17:10 B d:\myweb\cz3205\_themes\loosegst\loohorsd.gif --> falcon22.cz3.nus.edu.sg /home/staff/chenk/web-docs/cz3205/_themes/loosegst loohorsd.gif
100.11.29 17:10 B d:\myweb\cz3205\_themes\loosegst\looprebd.gif --> falcon22.cz3.nus.edu.sg /home/staff/chenk/web-docs/cz3205/_themes/loosegst looprebd.gif
100.11.29 17:10 B d:\myweb\cz3205\_themes\loosegst\loohbudd.gif --> falcon22.cz3.nus.edu.sg /home/staff/chenk/web-docs/cz3205/_themes/loosegst loohbudd.gif
100.11.29 17:10 B d:\myweb\cz3205\_themes\loosegst\loovbudd.gif --> falcon22.cz3.nus.edu.sg /home/staff/chenk/web-docs/cz3205/_themes/loosegst loovbudd.gif
100.11.29 17:10 B d:\myweb\cz3205\_themes\loosegst\loohombd.gif --> falcon22.cz3.nus.edu.sg /home/staff/chenk/web-docs/cz3205/_themes/loosegst loohombd.gif
100.11.29 17:10 B d:\myweb\cz3205\_themes\loosegst\looupbd.gif --> falcon22.cz3.nus.edu.sg /home/staff/chenk/web-docs/cz3205/_themes/loosegst looupbd.gif
100.11.29 17:10 B d:\myweb\cz3205\_themes\loosegst\loonexbd.gif --> falcon22.cz3.nus.edu.sg /home/staff/chenk/web-docs/cz3205/_themes/loosegst loonexbd.gif
100.11.29 17:10 B d:\myweb\cz3205\_themes\loosegst\looglob.gif --> falcon22.cz3.nus.edu.sg /home/staff/chenk/web-docs/cz3205/_themes/loosegst looglob.gif
100.11.29 17:10 B d:\myweb\cz3205\_themes\loosegst\loohbuha.gif --> falcon22.cz3.nus.edu.sg /home/staff/chenk/web-docs/cz3205/_themes/loosegst loohbuha.gif
100.11.29 17:10 B d:\myweb\cz3205\_themes\loosegst\loovbuha.gif --> falcon22.cz3.nus.edu.sg /home/staff/chenk/web-docs/cz3205/_themes/loosegst loovbuha.gif
100.11.29 17:10 B d:\myweb\cz3205\_themes\loosegst\loohomsa.gif --> falcon22.cz3.nus.edu.sg /home/staff/chenk/web-docs/cz3205/_themes/loosegst loohomsa.gif
100.11.29 17:10 B d:\myweb\cz3205\_themes\loosegst\loopresa.gif --> falcon22.cz3.nus.edu.sg /home/staff/chenk/web-docs/cz3205/_themes/loosegst loopresa.gif
100.11.29 17:10 B d:\myweb\cz3205\_themes\loosegst\loonexsa.gif --> falcon22.cz3.nus.edu.sg /home/staff/chenk/web-docs/cz3205/_themes/loosegst loonexsa.gif
100.11.29 17:10 B d:\myweb\cz3205\_themes\loosegst\looupsa.gif --> falcon22.cz3.nus.edu.sg /home/staff/chenk/web-docs/cz3205/_themes/loosegst looupsa.gif
100.11.29 17:10 B d:\myweb\cz3205\_themes\loosegst\color0.css --> falcon22.cz3.nus.edu.sg /home/staff/chenk/web-docs/cz3205/_themes/loosegst color0.css
100.11.29 17:10 B d:\myweb\cz3205\_themes\loosegst\loohorsa.gif --> falcon22.cz3.nus.edu.sg /home/staff/chenk/web-docs/cz3205/_themes/loosegst loohorsa.gif
100.11.29 17:10 B d:\myweb\cz3205\_themes\loosegst\color1.css --> falcon22.cz3.nus.edu.sg /home/staff/chenk/web-docs/cz3205/_themes/loosegst color1.css
100.11.29 17:10 B d:\myweb\cz3205\_themes\loosegst\looupha.gif --> falcon22.cz3.nus.edu.sg /home/staff/chenk/web-docs/cz3205/_themes/loosegst looupha.gif
100.11.29 17:10 B d:\myweb\cz3205\_themes\loosegst\loohomha.gif --> falcon22.cz3.nus.edu.sg /home/staff/chenk/web-docs/cz3205/_themes/loosegst loohomha.gif
100.11.29 17:10 B d:\myweb\cz3205\_themes\loosegst\loonexha.gif --> falcon22.cz3.nus.edu.sg /home/staff/chenk/web-docs/cz3205/_themes/loosegst loonexha.gif
100.11.29 17:10 B d:\myweb\cz3205\_themes\loosegst\loopreha.gif --> falcon22.cz3.nus.edu.sg /home/staff/chenk/web-docs/cz3205/_themes/loosegst loopreha.gif
100.11.29 17:10 B d:\myweb\cz3205\_themes\loosegst\graph0.css --> falcon22.cz3.nus.edu.sg /home/staff/chenk/web-docs/cz3205/_themes/loosegst graph0.css
100.11.29 17:10 B d:\myweb\cz3205\_themes\loosegst\loohbusd.gif --> falcon22.cz3.nus.edu.sg /home/staff/chenk/web-docs/cz3205/_themes/loosegst loohbusd.gif
100.11.29 17:10 B d:\myweb\cz3205\_themes\loosegst\loovbusd.gif --> falcon22.cz3.nus.edu.sg /home/staff/chenk/web-docs/cz3205/_themes/loosegst loovbusd.gif
100.11.29 17:10 B d:\myweb\cz3205\_themes\loosegst\loohbusa.gif --> falcon22.cz3.nus.edu.sg /home/staff/chenk/web-docs/cz3205/_themes/loosegst loohbusa.gif
100.11.29 17:10 B d:\myweb\cz3205\_themes\loosegst\loovbusa.gif --> falcon22.cz3.nus.edu.sg /home/staff/chenk/web-docs/cz3205/_themes/loosegst loovbusa.gif
100.11.29 17:10 B d:\myweb\cz3205\_themes\loosegst\theme.css --> falcon22.cz3.nus.edu.sg /home/staff/chenk/web-docs/cz3205/_themes/loosegst theme.css
100.11.29 17:10 B d:\myweb\cz3205\_themes\loosegst\graph1.css --> falcon22.cz3.nus.edu.sg /home/staff/chenk/web-docs/cz3205/_themes/loosegst graph1.css
100.11.29 17:10 B d:\myweb\cz3205\_themes\loosegst\lootextb.jpg --> falcon22.cz3.nus.edu.sg /home/staff/chenk/web-docs/cz3205/_themes/loosegst lootextb.jpg
100.11.29 17:10 B d:\myweb\cz3205\_themes\loosegst\loobannd.gif --> falcon22.cz3.nus.edu.sg /home/staff/chenk/web-docs/cz3205/_themes/loosegst loobannd.gif
100.11.29 17:10 B d:\myweb\cz3205\_themes\loosegst\custom.css --> falcon22.cz3.nus.edu.sg /home/staff/chenk/web-docs/cz3205/_themes/loosegst custom.css
100.11.29 17:10 A d:\myweb\cz3205\_themes\loosegst\WS_FTP.LOG --> falcon22.cz3.nus.edu.sg /home/staff/chenk/web-docs/cz3205/_themes/loosegst WS_FTP.LOG
100.11.29 17:10 B d:\myweb\cz3205\_themes\loosegst\loobanna.gif --> falcon22.cz3.nus.edu.sg /home/staff/chenk/web-docs/cz3205/_themes/loosegst loobanna.gif
2000.12.20 16:56 B d:\myweb\cz3205\_themes\loosegst\WS_FTP.LOG --> eagle1.cz3.nus.edu.sg /home/staff/chenk/web-docs/cz3205/_themes/loosegst WS_FTP.LOG
2000.12.29 14:33 B d:\myweb\cz3205\_themes\loosegst\WS_FTP.LOG --> eagle1.cz3.nus.edu.sg /home/staff/chenk/web-docs/cz3205/_themes/loosegst WS_FTP.LOG
2001.01.09 15:55 B d:\myweb\cz3205\_themes\loosegst\WS_FTP.LOG --> eagle1.cz3.nus.edu.sg /home/staff/chenk/web-docs/cz3205/_themes/loosegst WS_FTP.LOG
