100.11.29 17:10 A d:\myweb\cz3205\faq.htm --> falcon22.cz3.nus.edu.sg /home/staff/chenk/web-docs/cz3205 faq.htm
100.11.29 17:10 A d:\myweb\cz3205\tutorial.htm --> falcon22.cz3.nus.edu.sg /home/staff/chenk/web-docs/cz3205 tutorial.htm
100.11.29 17:10 A d:\myweb\cz3205\lab.htm --> falcon22.cz3.nus.edu.sg /home/staff/chenk/web-docs/cz3205 lab.htm
100.11.29 17:10 A d:\myweb\cz3205\cz3205.htm --> falcon22.cz3.nus.edu.sg /home/staff/chenk/web-docs/cz3205 cz3205.htm
100.11.29 17:10 A d:\myweb\cz3205\contents.htm --> falcon22.cz3.nus.edu.sg /home/staff/chenk/web-docs/cz3205 contents.htm
100.11.29 17:10 A d:\myweb\cz3205\index.htm --> falcon22.cz3.nus.edu.sg /home/staff/chenk/web-docs/cz3205 index.htm
100.11.29 17:10 A d:\myweb\cz3205\notes.htm --> falcon22.cz3.nus.edu.sg /home/staff/chenk/web-docs/cz3205 notes.htm
100.11.29 17:10 A d:\myweb\cz3205\about.htm --> falcon22.cz3.nus.edu.sg /home/staff/chenk/web-docs/cz3205 about.htm
100.11.29 17:10 A d:\myweb\cz3205\note1_3.htm --> falcon22.cz3.nus.edu.sg /home/staff/chenk/web-docs/cz3205 note1_3.htm
100.11.29 17:10 A d:\myweb\cz3205\note1_1.htm --> falcon22.cz3.nus.edu.sg /home/staff/chenk/web-docs/cz3205 note1_1.htm
100.11.29 17:10 A d:\myweb\cz3205\note1_2.htm --> falcon22.cz3.nus.edu.sg /home/staff/chenk/web-docs/cz3205 note1_2.htm
100.11.29 17:16 A d:\myweb\cz3205\note1_3.htm --> falcon22.cz3.nus.edu.sg /home/staff/chenk/web-docs/cz3205 note1_3.htm
100.11.29 17:16 A d:\myweb\cz3205\note1_2.htm --> falcon22.cz3.nus.edu.sg /home/staff/chenk/web-docs/cz3205 note1_2.htm
100.11.30 13:20 A d:\myweb\cz3205\note1_2.htm --> falcon22.cz3.nus.edu.sg /home/staff/chenk/web-docs/cz3205 note1_2.htm
100.11.30 13:20 A d:\myweb\cz3205\index.htm --> falcon22.cz3.nus.edu.sg /home/staff/chenk/web-docs/cz3205 index.htm
100.11.30 13:20 A d:\myweb\cz3205\cz3205.htm --> falcon22.cz3.nus.edu.sg /home/staff/chenk/web-docs/cz3205 cz3205.htm
2000.12.20 16:56 B d:\myweb\cz3205\about.htm --> eagle1.cz3.nus.edu.sg /home/staff/chenk/web-docs/cz3205 about.htm
2000.12.20 16:56 B d:\myweb\cz3205\cz3205.htm --> eagle1.cz3.nus.edu.sg /home/staff/chenk/web-docs/cz3205 cz3205.htm
2000.12.20 16:56 B d:\myweb\cz3205\index.htm --> eagle1.cz3.nus.edu.sg /home/staff/chenk/web-docs/cz3205 index.htm
2000.12.20 16:56 B d:\myweb\cz3205\note1_2.htm --> eagle1.cz3.nus.edu.sg /home/staff/chenk/web-docs/cz3205 note1_2.htm
2000.12.20 16:56 B d:\myweb\cz3205\notes.htm --> eagle1.cz3.nus.edu.sg /home/staff/chenk/web-docs/cz3205 notes.htm
2000.12.20 16:56 B d:\myweb\cz3205\WS_FTP.LOG --> eagle1.cz3.nus.edu.sg /home/staff/chenk/web-docs/cz3205 WS_FTP.LOG
2000.12.29 14:33 B d:\myweb\cz3205\notes.htm --> eagle1.cz3.nus.edu.sg /home/staff/chenk/web-docs/cz3205 notes.htm
2000.12.29 14:33 B d:\myweb\cz3205\notes2_1.htm --> eagle1.cz3.nus.edu.sg /home/staff/chenk/web-docs/cz3205 notes2_1.htm
2000.12.29 14:33 B d:\myweb\cz3205\notes2_2.htm --> eagle1.cz3.nus.edu.sg /home/staff/chenk/web-docs/cz3205 notes2_2.htm
2000.12.29 14:33 B d:\myweb\cz3205\notes2_3.htm --> eagle1.cz3.nus.edu.sg /home/staff/chenk/web-docs/cz3205 notes2_3.htm
2000.12.29 14:33 B d:\myweb\cz3205\WS_FTP.LOG --> eagle1.cz3.nus.edu.sg /home/staff/chenk/web-docs/cz3205 WS_FTP.LOG
2001.01.02 23:15 B d:\myweb\cz3205\cz3205.htm --> eagle1.cz3.nus.edu.sg /home/staff/chenk/web-docs/cz3205 cz3205.htm
2001.01.09 15:56 B d:\myweb\cz3205\note1_1.htm --> eagle1.cz3.nus.edu.sg /home/staff/chenk/web-docs/cz3205 note1_1.htm
2001.01.09 15:56 B d:\myweb\cz3205\note1_2.htm --> eagle1.cz3.nus.edu.sg /home/staff/chenk/web-docs/cz3205 note1_2.htm
2001.01.09 15:56 B d:\myweb\cz3205\note1_3.htm --> eagle1.cz3.nus.edu.sg /home/staff/chenk/web-docs/cz3205 note1_3.htm
2001.01.09 15:56 B d:\myweb\cz3205\notes.htm --> eagle1.cz3.nus.edu.sg /home/staff/chenk/web-docs/cz3205 notes.htm
2001.01.09 15:56 B d:\myweb\cz3205\notes2_1.htm --> eagle1.cz3.nus.edu.sg /home/staff/chenk/web-docs/cz3205 notes2_1.htm
2001.01.09 15:56 B d:\myweb\cz3205\notes2_2.htm --> eagle1.cz3.nus.edu.sg /home/staff/chenk/web-docs/cz3205 notes2_2.htm
2001.01.09 15:56 B d:\myweb\cz3205\notes2_3.htm --> eagle1.cz3.nus.edu.sg /home/staff/chenk/web-docs/cz3205 notes2_3.htm
2001.01.09 15:56 B d:\myweb\cz3205\notes3_1.htm --> eagle1.cz3.nus.edu.sg /home/staff/chenk/web-docs/cz3205 notes3_1.htm
2001.01.09 15:56 B d:\myweb\cz3205\notes3_2.htm --> eagle1.cz3.nus.edu.sg /home/staff/chenk/web-docs/cz3205 notes3_2.htm
2001.01.09 15:56 B d:\myweb\cz3205\WS_FTP.LOG --> eagle1.cz3.nus.edu.sg /home/staff/chenk/web-docs/cz3205 WS_FTP.LOG
2001.01.17 09:50 B d:\myweb\cz3205\note1_1.htm --> eagle1.cz3.nus.edu.sg /home/staff/chenk/web-docs/cz3205 note1_1.htm
2001.01.17 09:50 B d:\myweb\cz3205\notes.htm --> eagle1.cz3.nus.edu.sg /home/staff/chenk/web-docs/cz3205 notes.htm
2001.01.17 09:50 B d:\myweb\cz3205\notes2_1.htm --> eagle1.cz3.nus.edu.sg /home/staff/chenk/web-docs/cz3205 notes2_1.htm
2001.01.17 09:50 B d:\myweb\cz3205\notes3_1.htm --> eagle1.cz3.nus.edu.sg /home/staff/chenk/web-docs/cz3205 notes3_1.htm
2001.01.17 09:50 B d:\myweb\cz3205\notes3_2.htm --> eagle1.cz3.nus.edu.sg /home/staff/chenk/web-docs/cz3205 notes3_2.htm
2001.01.17 09:50 B d:\myweb\cz3205\notes3_3.htm --> eagle1.cz3.nus.edu.sg /home/staff/chenk/web-docs/cz3205 notes3_3.htm
2001.01.17 09:50 B d:\myweb\cz3205\notes4_1.htm --> eagle1.cz3.nus.edu.sg /home/staff/chenk/web-docs/cz3205 notes4_1.htm
2001.01.17 09:50 B d:\myweb\cz3205\notes4_2.htm --> eagle1.cz3.nus.edu.sg /home/staff/chenk/web-docs/cz3205 notes4_2.htm
